<?xml version="1.0" encoding="UTF-8"?>
<r>
  <vector>
    <v>3.0793</v>
    <v>5.1678</v>
    <v>2.923</v>
  </vector>
</r>
