{
    "i": [
        241
    ],
    "iScalar": 242,
    "iVector": [
        243,
        244
    ]
}
