{
    "i": [
        321
    ],
    "iScalar": 322,
    "iVector": [
        323,
        324
    ]
}
