{
    "type": [
        {
            "i": [
                211
            ],
            "iScalar": 212,
            "iVector": [
                213,
                214
            ]
        }
    ],
    "typeScalar": {
        "i": [
            221
        ],
        "iScalar": 222,
        "iVector": [
            223,
            224
        ]
    },
    "typeVector": [
        {
            "i": [
                231
            ],
            "iScalar": 232,
            "iVector": [
                233,
                234
            ]
        },
        {
            "i": [
                241
            ],
            "iScalar": 242,
            "iVector": [
                243,
                244
            ]
        }
    ]
}
