[
    {
        "i": [
            211
        ],
        "iScalar": 212,
        "iVector": [
            213,
            214
        ]
    }
]
