[
    {
        "i": [
            331
        ],
        "iScalar": 332,
        "iVector": [
            333,
            334
        ]
    },
    {
        "i": [
            341
        ],
        "iScalar": 342,
        "iVector": [
            343,
            344
        ]
    }
]
