[
{
"type": [
{
"i": [
311
],
"iScalar": 312,
"iVector": [
313,
314
]
}
],
"typeScalar": {
"i": [
321
],
"iScalar": 322,
"iVector": [
323,
324
]
},
"typeVector": [
{
"i": [
331
],
"iScalar": 332,
"iVector": [
333,
334
]
},
{
"i": [
341
],
"iScalar": 342,
"iVector": [
343,
344
]
}
]
},
{
"type": [
{
"i": [
411
],
"iScalar": 412,
"iVector": [
413,
414
]
}
],
"typeScalar": {
"i": [
421
],
"iScalar": 422,
"iVector": [
423,
424
]
},
"typeVector": [
{
"i": [
431
],
"iScalar": 432,
"iVector": [
433,
434
]
},
{
"i": [
441
],
"iScalar": 442,
"iVector": [
443,
444
]
}
]
}
]
