{
    "i": [
        341
    ],
    "iScalar": 342,
    "iVector": [
        343,
        344
    ]
}
