{
    "type": [
        {
            "i": [
                411
            ],
            "iScalar": 412,
            "iVector": [
                413,
                414
            ]
        }
    ],
    "typeScalar": {
        "i": [
            421
        ],
        "iScalar": 422,
        "iVector": [
            423,
            424
        ]
    },
    "typeVector": [
        {
            "i": [
                431
            ],
            "iScalar": 432,
            "iVector": [
                433,
                434
            ]
        },
        {
            "i": [
                441
            ],
            "iScalar": 442,
            "iVector": [
                443,
                444
            ]
        }
    ]
}
