{
    "i": [
        421
    ],
    "iScalar": 422,
    "iVector": [
        423,
        424
    ]
}
