[
{
"i": [
111
],
"iScalar": 112,
"iVector": [
113,
114
]
}
]
