{
    "i": [
        121
    ],
    "iScalar": 122,
    "iVector": [
        123,
        124
    ]
}
