[
    {
        "i": [
            431
        ],
        "iScalar": 432,
        "iVector": [
            433,
            434
        ]
    },
    {
        "i": [
            441
        ],
        "iScalar": 442,
        "iVector": [
            443,
            444
        ]
    }
]
