[
{
"i": [
411
],
"iScalar": 412,
"iVector": [
413,
414
]
}
]
