{
    "i": [
        221
    ],
    "iScalar": 222,
    "iVector": [
        223,
        224
    ]
}
