{
    "i": [
        441
    ],
    "iScalar": 442,
    "iVector": [
        443,
        444
    ]
}
