[
    {
        "type": [
            {
                "i": [
                    111
                ],
                "iScalar": 112,
                "iVector": [
                    113,
                    114
                ]
            }
        ],
        "typeScalar": {
            "i": [
                121
            ],
            "iScalar": 122,
            "iVector": [
                123,
                124
            ]
        },
        "typeVector": [
            {
                "i": [
                    131
                ],
                "iScalar": 132,
                "iVector": [
                    133,
                    134
                ]
            },
            {
                "i": [
                    141
                ],
                "iScalar": 142,
                "iVector": [
                    143,
                    144
                ]
            }
        ]
    }
]
