[
{
"i": [
131
],
"iScalar": 132,
"iVector": [
133,
134
]
},
{
"i": [
141
],
"iScalar": 142,
"iVector": [
143,
144
]
}
]
