[
{
"i": [
311
],
"iScalar": 312,
"iVector": [
313,
314
]
}
]
