{
"i": [
141
],
"iScalar": 142,
"iVector": [
143,
144
]
}
