[
    {
        "i": [
            231
        ],
        "iScalar": 232,
        "iVector": [
            233,
            234
        ]
    },
    {
        "i": [
            241
        ],
        "iScalar": 242,
        "iVector": [
            243,
            244
        ]
    }
]
